// Jest Snapshot v1, https://goo.gl/fbAQLP

exports[`Alert.vue renders props when passed 1`] = `
<div class="flex xs12 md6 sm6 offset-sm3">
  <div class="v-snack v-snack--active v-snack--has-background v-snack--top" style="padding: 0px 0px 0px 0px;">
    <transition-stub name="fade-transition">
      <div class="v-snack__wrapper v-sheet theme--dark elevation-5 error">
        <div role="status" aria-live="polite" class="v-snack__content">
          A new alert
        </div>
        <div class="v-snack__action "></div>
      </div>
    </transition-stub>
  </div>
</div>
`;
